// Jest Snapshot v1, https://goo.gl/fbAQLP

exports[`Card should render CardList component 1`] = `ShallowWrapper {}`;

exports[`Card should render CardList component with no movies 1`] = `ShallowWrapper {}`;

exports[`CardItem component should render CartDropdown component 1`] = `ShallowWrapper {}`;

exports[`CardItem should render CardList component 1`] = `ShallowWrapper {}`;

exports[`CardList should render CardList component 1`] = `ShallowWrapper {}`;

exports[`CardList should render CardList component with no movies 1`] = `ShallowWrapper {}`;
